\BOOKMARK [1][-]{section.1}{\376\377\137\025\212\000}{}% 1
\BOOKMARK [1][-]{section.2}{\376\377\225\356\230\230\133\232\116\111\116\016\145\160\143\156\230\204\131\004\164\006}{}% 2
\BOOKMARK [2][-]{subsection.2.1}{\376\377\116\373\122\241\133\232\116\111}{section.2}% 3
\BOOKMARK [2][-]{subsection.2.2}{\376\377\145\160\143\156\147\145\156\220\116\016\217\307\156\344}{section.2}% 4
\BOOKMARK [2][-]{subsection.2.3}{\376\377\145\160\143\156\226\306\122\022\122\006}{section.2}% 5
\BOOKMARK [2][-]{subsection.2.4}{\376\377\116\244\146\023\142\020\147\054\152\041\127\213\377\010\215\357\176\277\000A\377\011}{section.2}% 6
\BOOKMARK [1][-]{section.3}{\376\377\215\357\176\277\000A\377\032\143\222\136\217\230\204\155\113\215\357\176\277\166\204\143\242\175\042\377\010\000V\0001\040\023\000V\0009\377\011}{}% 7
\BOOKMARK [2][-]{subsection.3.1}{\376\377\162\110\147\054\217\355\116\343\140\073\211\310}{section.3}% 8
\BOOKMARK [2][-]{subsection.3.2}{\376\377\127\372\176\277\136\372\172\313\377\032\000G\000R\000U\215\205\123\302\145\160\144\034\175\042\377\010\000V\0001\377\011}{section.3}% 9
\BOOKMARK [2][-]{subsection.3.3}{\376\377\162\171\137\201\142\151\134\125\116\016\131\032\152\041\127\213\133\371\153\324\377\010\000V\0002\377\011}{section.3}% 10
\BOOKMARK [2][-]{subsection.3.4}{\376\377\116\244\146\023\173\126\165\145\213\276\213\241\116\016\230\316\143\247\377\010\000V\0003\377\011}{section.3}% 11
\BOOKMARK [2][-]{subsection.3.5}{\376\377\131\032\172\227\123\343\226\306\142\020\166\204\123\357\210\114\140\047\143\242\175\042\377\010\000V\0004\377\011}{section.3}% 12
\BOOKMARK [2][-]{subsection.3.6}{\376\377\230\204\131\004\164\006\117\123\174\373\221\315\147\204\377\010\000V\0005\377\011}{section.3}% 13
\BOOKMARK [2][-]{subsection.3.7}{\376\377\172\172\225\364\154\350\141\017\122\233\147\072\122\066\166\204\213\276\213\241\116\016\117\356\153\143\377\010\000V\0006\377\011}{section.3}% 14
\BOOKMARK [3][-]{subsubsection.3.7.1}{\376\377\000V\0001\131\061\215\045\162\110\377\032\177\072\131\061\000b\000o\000t\000t\000l\000e\000n\000e\000c\000k\213\276\213\241}{subsection.3.7}% 15
\BOOKMARK [3][-]{subsubsection.3.7.2}{\376\377\000V\0002\117\356\153\143\162\110\377\032\142\020\122\237\166\204\121\163\225\056}{subsection.3.7}% 16
\BOOKMARK [2][-]{subsection.3.8}{\376\377\150\007\173\176\117\356\153\143\116\016\147\000\117\030\152\041\127\213\170\156\172\313\377\010\000V\0007\377\011}{section.3}% 17
\BOOKMARK [2][-]{subsection.3.9}{\376\377\131\061\215\045\166\204\142\151\134\125\134\035\213\325\377\010\000V\0008\040\023\000V\0009\377\011}{section.3}% 18
\BOOKMARK [3][-]{subsubsection.3.9.1}{\376\377\000V\0008\377\032\162\171\137\201\142\151\134\125\116\016\210\114\116\032\117\341\140\157\154\350\121\145}{subsection.3.9}% 19
\BOOKMARK [3][-]{subsubsection.3.9.2}{\376\377\000V\0009\377\032\125\056\123\126\152\041\127\213\116\016\137\256\214\003}{subsection.3.9}% 20
\BOOKMARK [2][-]{subsection.3.10}{\376\377\176\337\116\000\126\336\155\113\116\016\145\066\166\312\122\006\147\220}{section.3}% 21
\BOOKMARK [3][-]{subsubsection.3.10.1}{\376\377\176\337\116\000\126\336\155\113\176\323\147\234}{subsection.3.10}% 22
\BOOKMARK [3][-]{subsubsection.3.10.2}{\376\377\147\010\136\246\145\066\166\312\116\016\117\341\123\367\215\050\221\317\122\006\211\343}{subsection.3.10}% 23
\BOOKMARK [2][-]{subsection.3.11}{\376\377\162\110\147\054\217\355\116\343\150\070\137\303\176\317\232\214}{section.3}% 24
\BOOKMARK [1][-]{section.4}{\376\377\215\357\176\277\000B\377\032\116\367\150\074\230\204\155\113\215\357\176\277\166\204\143\242\175\042}{}% 25
\BOOKMARK [2][-]{subsection.4.1}{\376\377\142\200\147\057\215\357\176\277\151\202\217\360}{section.4}% 26
\BOOKMARK [2][-]{subsection.4.2}{\376\377\152\041\127\213\147\266\147\204\377\032\000C\000N\000N\000-\000L\000S\000T\000M}{section.4}% 27
\BOOKMARK [2][-]{subsection.4.3}{\376\377\137\122\116\000\123\026\145\271\150\110\166\204\133\371\153\324\170\024\172\166}{section.4}% 28
\BOOKMARK [3][-]{subsubsection.4.3.1}{\376\377\145\271\150\110\116\000\377\032\126\340\147\234\175\057\171\357\000M\000a\000x\000-\000M\000i\000n\137\122\116\000\123\026\377\010\147\011\145\110\377\011}{subsection.4.3}% 29
\BOOKMARK [3][-]{subsubsection.4.3.2}{\376\377\145\271\150\110\116\214\377\032\121\150\134\100\000S\000i\000g\000m\000o\000i\000d\137\122\116\000\123\026\377\010\174\373\176\337\140\047\131\061\145\110\377\011}{subsection.4.3}% 30
\BOOKMARK [2][-]{subsection.4.4}{\376\377\213\255\176\303\173\126\165\145\377\032\116\316\123\125\136\164\122\060\131\032\136\164\136\246\155\367\124\010\213\255\176\303}{section.4}% 31
\BOOKMARK [2][-]{subsection.4.5}{\376\377\213\255\176\303\217\307\172\013\116\055\166\204\121\163\225\056\211\302\133\337}{section.4}% 32
\BOOKMARK [1][-]{section.5}{\376\377\116\044\145\271\150\110\133\371\153\324\122\006\147\220}{}% 33
\BOOKMARK [2][-]{subsection.5.1}{\376\377\145\271\154\325\213\272\133\371\153\324}{section.5}% 34
\BOOKMARK [2][-]{subsection.5.2}{\376\377\147\266\147\204\124\362\133\146\135\356\137\002}{section.5}% 35
\BOOKMARK [2][-]{subsection.5.3}{\376\377\137\122\116\000\123\026\145\271\150\110\166\204\145\271\154\325\213\272\124\057\171\072}{section.5}% 36
\BOOKMARK [2][-]{subsection.5.4}{\376\377\131\061\215\045\166\204\116\367\120\074}{section.5}% 37
\BOOKMARK [2][-]{subsection.5.5}{\376\377\116\222\210\145\140\047\116\016\207\215\124\010\145\271\124\021}{section.5}% 38
\BOOKMARK [1][-]{section.6}{\376\377\140\073\176\323\116\016\134\125\147\033}{}% 39
\BOOKMARK [2][-]{subsection.6.1}{\376\377\150\070\137\303\176\317\232\214}{section.6}% 40
\BOOKMARK [2][-]{subsection.6.2}{\376\377\152\041\127\213\134\100\226\120\140\047}{section.6}% 41
\BOOKMARK [2][-]{subsection.6.3}{\376\377\147\052\147\145\145\271\124\021}{section.6}% 42
